// Jest Snapshot v1, https://goo.gl/fbAQLP

exports[`Effort Display Tests should match the snapshot 1`] = `
ShallowWrapper {
  "length": 1,
  Symbol(enzyme.__root__): [Circular],
  Symbol(enzyme.__unrendered__): <EffortDisplay
    bestEfforts={
        Object {
            "fifteen": Object {},
            "five": Object {},
            "one": Object {},
            "ten": Object {},
            "twenty": Object {},
          }
    }
    store={
        Object {
            "clearActions": [Function],
            "dispatch": [Function],
            "getActions": [Function],
            "getState": [Function],
            "replaceReducer": [Function],
            "subscribe": [Function],
          }
    }
/>,
  Symbol(enzyme.__renderer__): Object {
    "batchedUpdates": [Function],
    "getNode": [Function],
    "render": [Function],
    "simulateEvent": [Function],
    "unmount": [Function],
  },
  Symbol(enzyme.__node__): Object {
    "instance": null,
    "key": undefined,
    "nodeType": "host",
    "props": Object {
      "children": Array [
        <div
          id="effort-display-title"
>
          <h4>
                    Your Best Efforts
          </h4>
</div>,
        <div
          id="effort-card-container"
>
          <Connect(EffortCard)
                    bestAverage={undefined}
                    bestValues={undefined}
                    title={undefined}
          />
          <Connect(EffortCard)
                    bestAverage={undefined}
                    bestValues={undefined}
                    title={undefined}
          />
          <Connect(EffortCard)
                    bestAverage={undefined}
                    bestValues={undefined}
                    title={undefined}
          />
          <Connect(EffortCard)
                    bestAverage={undefined}
                    bestValues={undefined}
                    title={undefined}
          />
          <Connect(EffortCard)
                    bestAverage={undefined}
                    bestValues={undefined}
                    title={undefined}
          />
</div>,
      ],
      "id": "effort-card-display",
    },
    "ref": null,
    "rendered": Array [
      Object {
        "instance": null,
        "key": undefined,
        "nodeType": "host",
        "props": Object {
          "children": <h4>
            Your Best Efforts
</h4>,
          "id": "effort-display-title",
        },
        "ref": null,
        "rendered": Object {
          "instance": null,
          "key": undefined,
          "nodeType": "host",
          "props": Object {
            "children": "Your Best Efforts",
          },
          "ref": null,
          "rendered": "Your Best Efforts",
          "type": "h4",
        },
        "type": "div",
      },
      Object {
        "instance": null,
        "key": undefined,
        "nodeType": "host",
        "props": Object {
          "children": Array [
            <Connect(EffortCard)
              bestAverage={undefined}
              bestValues={undefined}
              title={undefined}
/>,
            <Connect(EffortCard)
              bestAverage={undefined}
              bestValues={undefined}
              title={undefined}
/>,
            <Connect(EffortCard)
              bestAverage={undefined}
              bestValues={undefined}
              title={undefined}
/>,
            <Connect(EffortCard)
              bestAverage={undefined}
              bestValues={undefined}
              title={undefined}
/>,
            <Connect(EffortCard)
              bestAverage={undefined}
              bestValues={undefined}
              title={undefined}
/>,
          ],
          "id": "effort-card-container",
        },
        "ref": null,
        "rendered": Array [
          Object {
            "instance": null,
            "key": "0",
            "nodeType": "class",
            "props": Object {
              "bestAverage": undefined,
              "bestValues": undefined,
              "title": undefined,
            },
            "ref": null,
            "rendered": null,
            "type": [Function],
          },
          Object {
            "instance": null,
            "key": "1",
            "nodeType": "class",
            "props": Object {
              "bestAverage": undefined,
              "bestValues": undefined,
              "title": undefined,
            },
            "ref": null,
            "rendered": null,
            "type": [Function],
          },
          Object {
            "instance": null,
            "key": "2",
            "nodeType": "class",
            "props": Object {
              "bestAverage": undefined,
              "bestValues": undefined,
              "title": undefined,
            },
            "ref": null,
            "rendered": null,
            "type": [Function],
          },
          Object {
            "instance": null,
            "key": "3",
            "nodeType": "class",
            "props": Object {
              "bestAverage": undefined,
              "bestValues": undefined,
              "title": undefined,
            },
            "ref": null,
            "rendered": null,
            "type": [Function],
          },
          Object {
            "instance": null,
            "key": "4",
            "nodeType": "class",
            "props": Object {
              "bestAverage": undefined,
              "bestValues": undefined,
              "title": undefined,
            },
            "ref": null,
            "rendered": null,
            "type": [Function],
          },
        ],
        "type": "div",
      },
    ],
    "type": "div",
  },
  Symbol(enzyme.__nodes__): Array [
    Object {
      "instance": null,
      "key": undefined,
      "nodeType": "host",
      "props": Object {
        "children": Array [
          <div
            id="effort-display-title"
>
            <h4>
                        Your Best Efforts
            </h4>
</div>,
          <div
            id="effort-card-container"
>
            <Connect(EffortCard)
                        bestAverage={undefined}
                        bestValues={undefined}
                        title={undefined}
            />
            <Connect(EffortCard)
                        bestAverage={undefined}
                        bestValues={undefined}
                        title={undefined}
            />
            <Connect(EffortCard)
                        bestAverage={undefined}
                        bestValues={undefined}
                        title={undefined}
            />
            <Connect(EffortCard)
                        bestAverage={undefined}
                        bestValues={undefined}
                        title={undefined}
            />
            <Connect(EffortCard)
                        bestAverage={undefined}
                        bestValues={undefined}
                        title={undefined}
            />
</div>,
        ],
        "id": "effort-card-display",
      },
      "ref": null,
      "rendered": Array [
        Object {
          "instance": null,
          "key": undefined,
          "nodeType": "host",
          "props": Object {
            "children": <h4>
              Your Best Efforts
</h4>,
            "id": "effort-display-title",
          },
          "ref": null,
          "rendered": Object {
            "instance": null,
            "key": undefined,
            "nodeType": "host",
            "props": Object {
              "children": "Your Best Efforts",
            },
            "ref": null,
            "rendered": "Your Best Efforts",
            "type": "h4",
          },
          "type": "div",
        },
        Object {
          "instance": null,
          "key": undefined,
          "nodeType": "host",
          "props": Object {
            "children": Array [
              <Connect(EffortCard)
                bestAverage={undefined}
                bestValues={undefined}
                title={undefined}
/>,
              <Connect(EffortCard)
                bestAverage={undefined}
                bestValues={undefined}
                title={undefined}
/>,
              <Connect(EffortCard)
                bestAverage={undefined}
                bestValues={undefined}
                title={undefined}
/>,
              <Connect(EffortCard)
                bestAverage={undefined}
                bestValues={undefined}
                title={undefined}
/>,
              <Connect(EffortCard)
                bestAverage={undefined}
                bestValues={undefined}
                title={undefined}
/>,
            ],
            "id": "effort-card-container",
          },
          "ref": null,
          "rendered": Array [
            Object {
              "instance": null,
              "key": "0",
              "nodeType": "class",
              "props": Object {
                "bestAverage": undefined,
                "bestValues": undefined,
                "title": undefined,
              },
              "ref": null,
              "rendered": null,
              "type": [Function],
            },
            Object {
              "instance": null,
              "key": "1",
              "nodeType": "class",
              "props": Object {
                "bestAverage": undefined,
                "bestValues": undefined,
                "title": undefined,
              },
              "ref": null,
              "rendered": null,
              "type": [Function],
            },
            Object {
              "instance": null,
              "key": "2",
              "nodeType": "class",
              "props": Object {
                "bestAverage": undefined,
                "bestValues": undefined,
                "title": undefined,
              },
              "ref": null,
              "rendered": null,
              "type": [Function],
            },
            Object {
              "instance": null,
              "key": "3",
              "nodeType": "class",
              "props": Object {
                "bestAverage": undefined,
                "bestValues": undefined,
                "title": undefined,
              },
              "ref": null,
              "rendered": null,
              "type": [Function],
            },
            Object {
              "instance": null,
              "key": "4",
              "nodeType": "class",
              "props": Object {
                "bestAverage": undefined,
                "bestValues": undefined,
                "title": undefined,
              },
              "ref": null,
              "rendered": null,
              "type": [Function],
            },
          ],
          "type": "div",
        },
      ],
      "type": "div",
    },
  ],
  Symbol(enzyme.__options__): Object {
    "adapter": ReactSixteenAdapter {
      "options": Object {
        "enableComponentDidUpdateOnSetState": true,
      },
    },
  },
}
`;
